============================= test session starts ==============================
platform darwin -- Python 3.9.6, pytest-7.4.4, pluggy-1.6.0 -- /Users/raybargas/Documents/Cortex/venv/bin/python
cachedir: .pytest_cache
rootdir: /Users/raybargas/Documents/Cortex
plugins: cov-4.1.0, anyio-3.7.1
collecting ... collected 228 items / 1 error

==================================== ERRORS ====================================
__________ ERROR collecting tests/unit/test_weight_profile_service.py __________
ImportError while importing test module '/Users/raybargas/Documents/Cortex/tests/unit/test_weight_profile_service.py'.
Hint: make sure your test modules/packages have valid Python names.
Traceback:
/Library/Developer/CommandLineTools/Library/Frameworks/Python3.framework/Versions/3.9/lib/python3.9/importlib/__init__.py:127: in import_module
    return _bootstrap._gcd_import(name[level:], package, level)
tests/unit/test_weight_profile_service.py:10: in <module>
    from backend.exceptions import ProfileNotFoundError, ProfileNameExistsError, CannotDeleteDefaultError
E   ImportError: cannot import name 'ProfileNotFoundError' from 'backend.exceptions' (/Users/raybargas/Documents/Cortex/backend/exceptions.py)
=============================== warnings summary ===============================
venv/lib/python3.9/site-packages/pydantic/_internal/_config.py:271: 28 warnings
  /Users/raybargas/Documents/Cortex/venv/lib/python3.9/site-packages/pydantic/_internal/_config.py:271: PydanticDeprecatedSince20: Support for class-based `config` is deprecated, use ConfigDict instead. Deprecated in Pydantic V2.0 to be removed in V3.0. See Pydantic V2 Migration Guide at https://errors.pydantic.dev/2.5/migration/
    warnings.warn(DEPRECATION_MESSAGE, DeprecationWarning)

tests/integration/test_mysportsfeeds_integration.py:106
  /Users/raybargas/Documents/Cortex/tests/integration/test_mysportsfeeds_integration.py:106: PytestUnknownMarkWarning: Unknown pytest.mark.asyncio - is this a typo?  You can register custom marks to avoid this warning - for details, see https://docs.pytest.org/en/stable/how-to/mark.html
    @pytest.mark.asyncio

tests/integration/test_mysportsfeeds_integration.py:158
  /Users/raybargas/Documents/Cortex/tests/integration/test_mysportsfeeds_integration.py:158: PytestUnknownMarkWarning: Unknown pytest.mark.asyncio - is this a typo?  You can register custom marks to avoid this warning - for details, see https://docs.pytest.org/en/stable/how-to/mark.html
    @pytest.mark.asyncio

tests/integration/test_mysportsfeeds_integration.py:198
  /Users/raybargas/Documents/Cortex/tests/integration/test_mysportsfeeds_integration.py:198: PytestUnknownMarkWarning: Unknown pytest.mark.asyncio - is this a typo?  You can register custom marks to avoid this warning - for details, see https://docs.pytest.org/en/stable/how-to/mark.html
    @pytest.mark.asyncio

tests/integration/test_mysportsfeeds_integration.py:233
  /Users/raybargas/Documents/Cortex/tests/integration/test_mysportsfeeds_integration.py:233: PytestUnknownMarkWarning: Unknown pytest.mark.asyncio - is this a typo?  You can register custom marks to avoid this warning - for details, see https://docs.pytest.org/en/stable/how-to/mark.html
    @pytest.mark.asyncio

tests/integration/test_mysportsfeeds_integration.py:270
  /Users/raybargas/Documents/Cortex/tests/integration/test_mysportsfeeds_integration.py:270: PytestUnknownMarkWarning: Unknown pytest.mark.asyncio - is this a typo?  You can register custom marks to avoid this warning - for details, see https://docs.pytest.org/en/stable/how-to/mark.html
    @pytest.mark.asyncio

tests/integration/test_mysportsfeeds_integration.py:315
  /Users/raybargas/Documents/Cortex/tests/integration/test_mysportsfeeds_integration.py:315: PytestUnknownMarkWarning: Unknown pytest.mark.asyncio - is this a typo?  You can register custom marks to avoid this warning - for details, see https://docs.pytest.org/en/stable/how-to/mark.html
    @pytest.mark.asyncio

tests/integration/test_mysportsfeeds_integration.py:439
  /Users/raybargas/Documents/Cortex/tests/integration/test_mysportsfeeds_integration.py:439: PytestUnknownMarkWarning: Unknown pytest.mark.asyncio - is this a typo?  You can register custom marks to avoid this warning - for details, see https://docs.pytest.org/en/stable/how-to/mark.html
    @pytest.mark.asyncio

tests/integration/test_mysportsfeeds_integration.py:457
  /Users/raybargas/Documents/Cortex/tests/integration/test_mysportsfeeds_integration.py:457: PytestUnknownMarkWarning: Unknown pytest.mark.asyncio - is this a typo?  You can register custom marks to avoid this warning - for details, see https://docs.pytest.org/en/stable/how-to/mark.html
    @pytest.mark.asyncio

venv/lib/python3.9/site-packages/starlette/formparsers.py:10
  /Users/raybargas/Documents/Cortex/venv/lib/python3.9/site-packages/starlette/formparsers.py:10: PendingDeprecationWarning: Please use `import python_multipart` instead.
    import multipart

tests/unit/services/test_mysportsfeeds_service.py:69
  /Users/raybargas/Documents/Cortex/tests/unit/services/test_mysportsfeeds_service.py:69: PytestUnknownMarkWarning: Unknown pytest.mark.asyncio - is this a typo?  You can register custom marks to avoid this warning - for details, see https://docs.pytest.org/en/stable/how-to/mark.html
    @pytest.mark.asyncio

tests/unit/services/test_mysportsfeeds_service.py:193
  /Users/raybargas/Documents/Cortex/tests/unit/services/test_mysportsfeeds_service.py:193: PytestUnknownMarkWarning: Unknown pytest.mark.asyncio - is this a typo?  You can register custom marks to avoid this warning - for details, see https://docs.pytest.org/en/stable/how-to/mark.html
    @pytest.mark.asyncio

tests/unit/services/test_mysportsfeeds_service.py:269
  /Users/raybargas/Documents/Cortex/tests/unit/services/test_mysportsfeeds_service.py:269: PytestUnknownMarkWarning: Unknown pytest.mark.asyncio - is this a typo?  You can register custom marks to avoid this warning - for details, see https://docs.pytest.org/en/stable/how-to/mark.html
    @pytest.mark.asyncio

tests/unit/services/test_mysportsfeeds_service.py:336
  /Users/raybargas/Documents/Cortex/tests/unit/services/test_mysportsfeeds_service.py:336: PytestUnknownMarkWarning: Unknown pytest.mark.asyncio - is this a typo?  You can register custom marks to avoid this warning - for details, see https://docs.pytest.org/en/stable/how-to/mark.html
    @pytest.mark.asyncio

tests/unit/services/test_mysportsfeeds_service.py:404
  /Users/raybargas/Documents/Cortex/tests/unit/services/test_mysportsfeeds_service.py:404: PytestUnknownMarkWarning: Unknown pytest.mark.asyncio - is this a typo?  You can register custom marks to avoid this warning - for details, see https://docs.pytest.org/en/stable/how-to/mark.html
    @pytest.mark.asyncio

tests/unit/services/test_mysportsfeeds_service.py:449
  /Users/raybargas/Documents/Cortex/tests/unit/services/test_mysportsfeeds_service.py:449: PytestUnknownMarkWarning: Unknown pytest.mark.asyncio - is this a typo?  You can register custom marks to avoid this warning - for details, see https://docs.pytest.org/en/stable/how-to/mark.html
    @pytest.mark.asyncio

-- Docs: https://docs.pytest.org/en/stable/how-to/capture-warnings.html
=========================== short test summary info ============================
ERROR tests/unit/test_weight_profile_service.py
!!!!!!!!!!!!!!!!!!!! Interrupted: 1 error during collection !!!!!!!!!!!!!!!!!!!!
======================== 43 warnings, 1 error in 0.66s =========================
